/storage2/shuai_yi/neoantigen/40_TS_SNAD/NPC-LR-Seq/TS-SNAD/.venv/lib/python3.10/site-packages/pvactools/lib/pipeline.py:7: UserWarning: pkg_resources is deprecated as an API. See https://setuptools.pypa.io/en/latest/pkg_resources.html. The pkg_resources package is slated for removal as early as 2025-11-30. Refrain from using this package or pin to Setuptools<81.
  import pkg_resources
Executing MHC Class I predictions
Splitting FASTA into smaller chunks
Splitting FASTA into smaller chunks - Entries 1-17
Completed
Entering `Parallel` context (level 0). Forking...
Making binding predictions on Allele HLA-A*02:03 and Epitope Length 9 with Method NetMHCpan - File /storage2/shuai_yi/neoantigen/40_TS_SNAD/NPC-LR-Seq/TS-SNAD/pvactools_output/MHC_Class_I/tmp/NPC.netmhcpan.HLA-A*02:03.9.tsv_1-17
Making binding predictions on Allele HLA-A*02:07 and Epitope Length 9 with Method NetMHCpan - File /storage2/shuai_yi/neoantigen/40_TS_SNAD/NPC-LR-Seq/TS-SNAD/pvactools_output/MHC_Class_I/tmp/NPC.netmhcpan.HLA-A*02:07.9.tsv_1-17
Making binding predictions on Allele HLA-A*11:01 and Epitope Length 9 with Method NetMHCpan - File /storage2/shuai_yi/neoantigen/40_TS_SNAD/NPC-LR-Seq/TS-SNAD/pvactools_output/MHC_Class_I/tmp/NPC.netmhcpan.HLA-A*11:01.9.tsv_1-17
Making binding predictions on Allele HLA-A*24:02 and Epitope Length 9 with Method NetMHCpan - File /storage2/shuai_yi/neoantigen/40_TS_SNAD/NPC-LR-Seq/TS-SNAD/pvactools_output/MHC_Class_I/tmp/NPC.netmhcpan.HLA-A*24:02.9.tsv_1-17
Making binding predictions on Allele HLA-A*33:03 and Epitope Length 9 with Method NetMHCpan - File /storage2/shuai_yi/neoantigen/40_TS_SNAD/NPC-LR-Seq/TS-SNAD/pvactools_output/MHC_Class_I/tmp/NPC.netmhcpan.HLA-A*33:03.9.tsv_1-17
Making binding predictions on Allele HLA-B*40:01 and Epitope Length 9 with Method NetMHCpan - File /storage2/shuai_yi/neoantigen/40_TS_SNAD/NPC-LR-Seq/TS-SNAD/pvactools_output/MHC_Class_I/tmp/NPC.netmhcpan.HLA-B*40:01.9.tsv_1-17
Making binding predictions on Allele HLA-B*46:01 and Epitope Length 9 with Method NetMHCpan - File /storage2/shuai_yi/neoantigen/40_TS_SNAD/NPC-LR-Seq/TS-SNAD/pvactools_output/MHC_Class_I/tmp/NPC.netmhcpan.HLA-B*46:01.9.tsv_1-17
Making binding predictions on Allele HLA-C*01:02 and Epitope Length 9 with Method NetMHCpan - File /storage2/shuai_yi/neoantigen/40_TS_SNAD/NPC-LR-Seq/TS-SNAD/pvactools_output/MHC_Class_I/tmp/NPC.netmhcpan.HLA-C*01:02.9.tsv_1-17
Making binding predictions on Allele HLA-C*03:04 and Epitope Length 9 with Method NetMHCpan - File /storage2/shuai_yi/neoantigen/40_TS_SNAD/NPC-LR-Seq/TS-SNAD/pvactools_output/MHC_Class_I/tmp/NPC.netmhcpan.HLA-C*03:04.9.tsv_1-17
Leaving parallel region (3634074)...
Process 3634074 done. Shutting down.
Leaving parallel region (3634075)...
Process 3634075 done. Shutting down.
Leaving parallel region (3634076)...
Process 3634076 done. Shutting down.
Leaving parallel region (3634077)...
Process 3634077 done. Shutting down.
Leaving parallel region (3634078)...
Process 3634078 done. Shutting down.
Leaving parallel region (3634079)...
Process 3634079 done. Shutting down.
Leaving parallel region (3634080)...
Starting new HTTP connection (1): tools-cluster-interface.iedb.org:80
Starting new HTTP connection (1): tools-cluster-interface.iedb.org:80
Process 3634080 done. Shutting down.
Starting new HTTP connection (1): tools-cluster-interface.iedb.org:80
Starting new HTTP connection (1): tools-cluster-interface.iedb.org:80
Starting new HTTP connection (1): tools-cluster-interface.iedb.org:80
Starting new HTTP connection (1): tools-cluster-interface.iedb.org:80
Starting new HTTP connection (1): tools-cluster-interface.iedb.org:80
Leaving parallel region (3634081)...
Starting new HTTP connection (1): tools-cluster-interface.iedb.org:80
Process 3634081 done. Shutting down.
Starting new HTTP connection (1): tools-cluster-interface.iedb.org:80
Leaving parallel region (3634082)...
Process 3634082 done. Shutting down.
Leaving parallel region (3634083)...
Process 3634083 done. Shutting down.
Leaving parallel region (3634084)...
Process 3634084 done. Shutting down.
Leaving parallel region (3634085)...
Process 3634085 done. Shutting down.
Leaving parallel region (3634086)...
Process 3634086 done. Shutting down.
Leaving parallel region (3634087)...
Process 3634087 done. Shutting down.
Leaving parallel region (3634088)...
Process 3634088 done. Shutting down.
Leaving parallel region (3634089)...
Process 3634089 done. Shutting down.
Leaving parallel region (3634090)...
Process 3634090 done. Shutting down.
Leaving parallel region (3634091)...
Process 3634091 done. Shutting down.
Leaving parallel region (3634092)...
Process 3634092 done. Shutting down.
Leaving parallel region (3634093)...
Process 3634093 done. Shutting down.
Leaving parallel region (3634094)...
Process 3634094 done. Shutting down.
Leaving parallel region (3634095)...
Process 3634095 done. Shutting down.
Leaving parallel region (3634096)...
Process 3634096 done. Shutting down.
Leaving parallel region (3634097)...
Process 3634097 done. Shutting down.
Leaving parallel region (3634098)...
Process 3634098 done. Shutting down.
Leaving parallel region (3634099)...
Process 3634099 done. Shutting down.
Leaving parallel region (3634100)...
Process 3634100 done. Shutting down.
Leaving parallel region (3634101)...
Process 3634101 done. Shutting down.
Leaving parallel region (3634102)...
Process 3634102 done. Shutting down.
Leaving parallel region (3634103)...
Process 3634103 done. Shutting down.
Leaving parallel region (3634104)...
Process 3634104 done. Shutting down.
Leaving parallel region (3634105)...
Process 3634105 done. Shutting down.
Leaving parallel region (3634106)...
Process 3634106 done. Shutting down.
Leaving parallel region (3634107)...
Process 3634107 done. Shutting down.
Leaving parallel region (3634108)...
Process 3634108 done. Shutting down.
Leaving parallel region (3634109)...
Process 3634109 done. Shutting down.
Leaving parallel region (3634110)...
Process 3634110 done. Shutting down.
Leaving parallel region (3634111)...
Process 3634111 done. Shutting down.
Leaving parallel region (3634112)...
Process 3634112 done. Shutting down.
Leaving parallel region (3634113)...
Process 3634113 done. Shutting down.
Leaving parallel region (3634114)...
Process 3634114 done. Shutting down.
Leaving parallel region (3634115)...
Process 3634115 done. Shutting down.
Leaving parallel region (3634116)...
Process 3634116 done. Shutting down.
Leaving parallel region (3634117)...
Process 3634117 done. Shutting down.
Leaving parallel region (3634118)...
Process 3634118 done. Shutting down.
Leaving parallel region (3634119)...
Process 3634119 done. Shutting down.
Leaving parallel region (3634120)...
Process 3634120 done. Shutting down.
Leaving parallel region (3634121)...
Process 3634121 done. Shutting down.
Leaving parallel region (3634122)...
Process 3634122 done. Shutting down.
Leaving parallel region (3634123)...
Process 3634123 done. Shutting down.
Leaving parallel region (3634124)...
Process 3634124 done. Shutting down.
Leaving parallel region (3634125)...
Process 3634125 done. Shutting down.
Leaving parallel region (3634126)...
Process 3634126 done. Shutting down.
Leaving parallel region (3634127)...
Process 3634127 done. Shutting down.
Leaving parallel region (3634128)...
Process 3634128 done. Shutting down.
Leaving parallel region (3634129)...
Process 3634129 done. Shutting down.
Leaving parallel region (3634130)...
Process 3634130 done. Shutting down.
Leaving parallel region (3634131)...
Process 3634131 done. Shutting down.
Leaving parallel region (3634132)...
Process 3634132 done. Shutting down.
Leaving parallel region (3634133)...
Process 3634133 done. Shutting down.
Leaving parallel region (3634134)...
Process 3634134 done. Shutting down.
Leaving parallel region (3634135)...
Process 3634135 done. Shutting down.
Leaving parallel region (3634136)...
Process 3634136 done. Shutting down.
Leaving parallel region (3634137)...
Process 3634137 done. Shutting down.
Leaving parallel region (3634138)...
Process 3634138 done. Shutting down.
Leaving parallel region (3634139)...
Process 3634139 done. Shutting down.
Leaving parallel region (3634140)...
Process 3634140 done. Shutting down.
Leaving parallel region (3634141)...
Leaving parallel region (3634142)...
Leaving parallel region (3634143)...
Leaving parallel region (3634144)...
Leaving parallel region (3634145)...
Leaving parallel region (3634146)...
Leaving parallel region (3634147)...
Leaving parallel region (3634148)...
Leaving parallel region (3634149)...
Process 3634141 done. Shutting down.
Leaving parallel region (3634150)...
Process 3634142 done. Shutting down.
Process 3634143 done. Shutting down.
Leaving parallel region (3634151)...
Process 3634144 done. Shutting down.
Process 3634145 done. Shutting down.
Process 3634146 done. Shutting down.
Process 3634147 done. Shutting down.
Leaving parallel region (3634152)...
Process 3634148 done. Shutting down.
Process 3634149 done. Shutting down.
Leaving parallel region (3634153)...
Process 3634150 done. Shutting down.
Leaving parallel region (3634154)...
Process 3634151 done. Shutting down.
Leaving parallel region (3634157)...
Leaving parallel region (3634155)...
Process 3634152 done. Shutting down.
Leaving parallel region (3634156)...
Process 3634153 done. Shutting down.
Process 3634154 done. Shutting down.
Process 3634157 done. Shutting down.
Process 3634155 done. Shutting down.
Process 3634156 done. Shutting down.
Leaving parallel region (3634158)...
Process 3634158 done. Shutting down.
Leaving parallel region (3634159)...
Process 3634159 done. Shutting down.
Leaving parallel region (3634160)...
Process 3634160 done. Shutting down.
Leaving parallel region (3634161)...
Process 3634161 done. Shutting down.
Leaving parallel region (3634162)...
Process 3634162 done. Shutting down.
Leaving parallel region (3634163)...
Process 3634163 done. Shutting down.
Leaving parallel region (3634164)...
Process 3634164 done. Shutting down.
Leaving parallel region (3634165)...
Process 3634165 done. Shutting down.
Leaving parallel region (3634166)...
Process 3634166 done. Shutting down.
Leaving parallel region (3634167)...
Process 3634167 done. Shutting down.
Leaving parallel region (3634168)...
Process 3634168 done. Shutting down.
Leaving parallel region (3634169)...
Process 3634169 done. Shutting down.
Leaving parallel region (3634170)...
Process 3634170 done. Shutting down.
Leaving parallel region (3634171)...
Process 3634171 done. Shutting down.
Leaving parallel region (3634172)...
Process 3634172 done. Shutting down.
Leaving parallel region (3634173)...
Process 3634173 done. Shutting down.
Leaving parallel region (3634174)...
Process 3634174 done. Shutting down.
Leaving parallel region (3634175)...
Process 3634175 done. Shutting down.
Leaving parallel region (3634176)...
Process 3634176 done. Shutting down.
Leaving parallel region (3634177)...
Process 3634177 done. Shutting down.
Leaving parallel region (3634178)...
Process 3634178 done. Shutting down.
Leaving parallel region (3634179)...
Process 3634179 done. Shutting down.
Leaving parallel region (3634180)...
Process 3634180 done. Shutting down.
Leaving parallel region (3634181)...
Process 3634181 done. Shutting down.
Leaving parallel region (3634182)...
Process 3634182 done. Shutting down.
Leaving parallel region (3634183)...
Process 3634183 done. Shutting down.
Leaving parallel region (3634184)...
Process 3634184 done. Shutting down.
Leaving parallel region (3634185)...
Process 3634185 done. Shutting down.
Leaving parallel region (3634186)...
Process 3634186 done. Shutting down.
Leaving parallel region (3634187)...
Process 3634187 done. Shutting down.
Leaving parallel region (3634188)...
Process 3634188 done. Shutting down.
Leaving parallel region (3634189)...
Process 3634189 done. Shutting down.
Forked to processes: [3634065, 3634066, 3634067, 3634068, 3634069, 3634070, 3634071, 3634072, 3634073, 3634074, 3634075, 3634076, 3634077, 3634078, 3634079, 3634080, 3634081, 3634082, 3634083, 3634084, 3634085, 3634086, 3634087, 3634088, 3634089, 3634090, 3634091, 3634092, 3634093, 3634094, 3634095, 3634096, 3634097, 3634098, 3634099, 3634100, 3634101, 3634102, 3634103, 3634104, 3634105, 3634106, 3634107, 3634108, 3634109, 3634110, 3634111, 3634112, 3634113, 3634114, 3634115, 3634116, 3634117, 3634118, 3634119, 3634120, 3634121, 3634122, 3634123, 3634124, 3634125, 3634126, 3634127, 3634128, 3634129, 3634130, 3634131, 3634132, 3634133, 3634134, 3634135, 3634136, 3634137, 3634138, 3634139, 3634140, 3634141, 3634142, 3634143, 3634144, 3634145, 3634146, 3634147, 3634148, 3634149, 3634150, 3634151, 3634152, 3634153, 3634154, 3634155, 3634156, 3634157, 3634158, 3634159, 3634160, 3634161, 3634162, 3634163, 3634164, 3634165, 3634166, 3634167, 3634168, 3634169, 3634170, 3634171, 3634172, 3634173, 3634174, 3634175, 3634176, 3634177, 3634178, 3634179, 3634180, 3634181, 3634182, 3634183, 3634184, 3634185, 3634186, 3634187, 3634188, 3634189, 3634190, 3634191].
Making binding predictions on Allele HLA-A*02:01 and Epitope Length 9 with Method NetMHCpan - File /storage2/shuai_yi/neoantigen/40_TS_SNAD/NPC-LR-Seq/TS-SNAD/pvactools_output/MHC_Class_I/tmp/NPC.netmhcpan.HLA-A*02:01.9.tsv_1-17
Leaving parallel region (3634190)...
Leaving parallel region (3634191)...
Process 3634190 done. Shutting down.
Process 3634191 done. Shutting down.
Starting new HTTP connection (1): tools-cluster-interface.iedb.org:80
http://tools-cluster-interface.iedb.org:80 "POST /tools_api/mhci/ HTTP/1.1" 308 363
Starting new HTTPS connection (1): tools-cluster-interface.iedb.org:443
http://tools-cluster-interface.iedb.org:80 "POST /tools_api/mhci/ HTTP/1.1" 308 363
http://tools-cluster-interface.iedb.org:80 "POST /tools_api/mhci/ HTTP/1.1" 308 363
Starting new HTTPS connection (1): tools-cluster-interface.iedb.org:443
Starting new HTTPS connection (1): tools-cluster-interface.iedb.org:443
http://tools-cluster-interface.iedb.org:80 "POST /tools_api/mhci/ HTTP/1.1" 308 363
Starting new HTTPS connection (1): tools-cluster-interface.iedb.org:443
http://tools-cluster-interface.iedb.org:80 "POST /tools_api/mhci/ HTTP/1.1" 308 363
Starting new HTTPS connection (1): tools-cluster-interface.iedb.org:443
http://tools-cluster-interface.iedb.org:80 "POST /tools_api/mhci/ HTTP/1.1" 308 363
Starting new HTTPS connection (1): tools-cluster-interface.iedb.org:443
http://tools-cluster-interface.iedb.org:80 "POST /tools_api/mhci/ HTTP/1.1" 308 363
Starting new HTTPS connection (1): tools-cluster-interface.iedb.org:443
http://tools-cluster-interface.iedb.org:80 "POST /tools_api/mhci/ HTTP/1.1" 308 363
Starting new HTTPS connection (1): tools-cluster-interface.iedb.org:443
http://tools-cluster-interface.iedb.org:80 "POST /tools_api/mhci/ HTTP/1.1" 308 363
Starting new HTTPS connection (1): tools-cluster-interface.iedb.org:443
http://tools-cluster-interface.iedb.org:80 "POST /tools_api/mhci/ HTTP/1.1" 308 363
Starting new HTTPS connection (1): tools-cluster-interface.iedb.org:443
https://tools-cluster-interface.iedb.org:443 "POST /tools_api/mhci/ HTTP/1.1" 403 315
Starting new HTTP connection (1): tools-cluster-interface.iedb.org:80
https://tools-cluster-interface.iedb.org:443 "POST /tools_api/mhci/ HTTP/1.1" 403 315
Starting new HTTP connection (1): tools-cluster-interface.iedb.org:80
https://tools-cluster-interface.iedb.org:443 "POST /tools_api/mhci/ HTTP/1.1" 403 315
Starting new HTTP connection (1): tools-cluster-interface.iedb.org:80
https://tools-cluster-interface.iedb.org:443 "POST /tools_api/mhci/ HTTP/1.1" 403 315
Starting new HTTP connection (1): tools-cluster-interface.iedb.org:80
http://tools-cluster-interface.iedb.org:80 "POST /tools_api/mhci/ HTTP/1.1" 308 363
Starting new HTTPS connection (1): tools-cluster-interface.iedb.org:443
http://tools-cluster-interface.iedb.org:80 "POST /tools_api/mhci/ HTTP/1.1" 308 363
Starting new HTTPS connection (1): tools-cluster-interface.iedb.org:443
http://tools-cluster-interface.iedb.org:80 "POST /tools_api/mhci/ HTTP/1.1" 308 363
Starting new HTTPS connection (1): tools-cluster-interface.iedb.org:443
http://tools-cluster-interface.iedb.org:80 "POST /tools_api/mhci/ HTTP/1.1" 308 363
Starting new HTTPS connection (1): tools-cluster-interface.iedb.org:443
https://tools-cluster-interface.iedb.org:443 "POST /tools_api/mhci/ HTTP/1.1" 403 315
https://tools-cluster-interface.iedb.org:443 "POST /tools_api/mhci/ HTTP/1.1" 403 315
https://tools-cluster-interface.iedb.org:443 "POST /tools_api/mhci/ HTTP/1.1" 403 315
https://tools-cluster-interface.iedb.org:443 "POST /tools_api/mhci/ HTTP/1.1" 500 None
https://tools-cluster-interface.iedb.org:443 "POST /tools_api/mhci/ HTTP/1.1" 500 None
Starting new HTTP connection (1): tools-cluster-interface.iedb.org:80
Starting new HTTP connection (1): tools-cluster-interface.iedb.org:80
http://tools-cluster-interface.iedb.org:80 "POST /tools_api/mhci/ HTTP/1.1" 308 363
http://tools-cluster-interface.iedb.org:80 "POST /tools_api/mhci/ HTTP/1.1" 308 363
Starting new HTTPS connection (1): tools-cluster-interface.iedb.org:443
Starting new HTTPS connection (1): tools-cluster-interface.iedb.org:443
https://tools-cluster-interface.iedb.org:443 "POST /tools_api/mhci/ HTTP/1.1" 403 315
https://tools-cluster-interface.iedb.org:443 "POST /tools_api/mhci/ HTTP/1.1" 200 None
Making binding predictions on Allele HLA-A*33:03 and Epitope Length 9 with Method NetMHCpan - File /storage2/shuai_yi/neoantigen/40_TS_SNAD/NPC-LR-Seq/TS-SNAD/pvactools_output/MHC_Class_I/tmp/NPC.netmhcpan.HLA-A*33:03.9.tsv_1-17 - Completed
Leaving parallel region (3634069)...
Process 3634069 done. Shutting down.
https://tools-cluster-interface.iedb.org:443 "POST /tools_api/mhci/ HTTP/1.1" 200 None
IEDB: Retry 1 of 5
Making binding predictions on Allele HLA-C*03:04 and Epitope Length 9 with Method NetMHCpan - File /storage2/shuai_yi/neoantigen/40_TS_SNAD/NPC-LR-Seq/TS-SNAD/pvactools_output/MHC_Class_I/tmp/NPC.netmhcpan.HLA-C*03:04.9.tsv_1-17 - Completed
Leaving parallel region (3634073)...
Process 3634073 done. Shutting down.
https://tools-cluster-interface.iedb.org:443 "POST /tools_api/mhci/ HTTP/1.1" 200 None
Making binding predictions on Allele HLA-A*02:03 and Epitope Length 9 with Method NetMHCpan - File /storage2/shuai_yi/neoantigen/40_TS_SNAD/NPC-LR-Seq/TS-SNAD/pvactools_output/MHC_Class_I/tmp/NPC.netmhcpan.HLA-A*02:03.9.tsv_1-17 - Completed
Leaving parallel region (3634065)...
Process 3634065 done. Shutting down.
https://tools-cluster-interface.iedb.org:443 "POST /tools_api/mhci/ HTTP/1.1" 200 None
Making binding predictions on Allele HLA-A*02:07 and Epitope Length 9 with Method NetMHCpan - File /storage2/shuai_yi/neoantigen/40_TS_SNAD/NPC-LR-Seq/TS-SNAD/pvactools_output/MHC_Class_I/tmp/NPC.netmhcpan.HLA-A*02:07.9.tsv_1-17 - Completed
Leaving parallel region (3634066)...
Process 3634066 done. Shutting down.
https://tools-cluster-interface.iedb.org:443 "POST /tools_api/mhci/ HTTP/1.1" 200 None
IEDB: Retry 1 of 5
Making binding predictions on Allele HLA-B*46:01 and Epitope Length 9 with Method NetMHCpan - File /storage2/shuai_yi/neoantigen/40_TS_SNAD/NPC-LR-Seq/TS-SNAD/pvactools_output/MHC_Class_I/tmp/NPC.netmhcpan.HLA-B*46:01.9.tsv_1-17 - Completed
Leaving parallel region (3634071)...
Process 3634071 done. Shutting down.
https://tools-cluster-interface.iedb.org:443 "POST /tools_api/mhci/ HTTP/1.1" 200 None
Making binding predictions on Allele HLA-A*11:01 and Epitope Length 9 with Method NetMHCpan - File /storage2/shuai_yi/neoantigen/40_TS_SNAD/NPC-LR-Seq/TS-SNAD/pvactools_output/MHC_Class_I/tmp/NPC.netmhcpan.HLA-A*11:01.9.tsv_1-17 - Completed
Leaving parallel region (3634067)...
Process 3634067 done. Shutting down.
Starting new HTTP connection (1): tools-cluster-interface.iedb.org:80
http://tools-cluster-interface.iedb.org:80 "POST /tools_api/mhci/ HTTP/1.1" 308 363
Starting new HTTPS connection (1): tools-cluster-interface.iedb.org:443
https://tools-cluster-interface.iedb.org:443 "POST /tools_api/mhci/ HTTP/1.1" 200 None
IEDB: Retry 1 of 5
IEDB: Retry 2 of 5
Making binding predictions on Allele HLA-B*40:01 and Epitope Length 9 with Method NetMHCpan - File /storage2/shuai_yi/neoantigen/40_TS_SNAD/NPC-LR-Seq/TS-SNAD/pvactools_output/MHC_Class_I/tmp/NPC.netmhcpan.HLA-B*40:01.9.tsv_1-17 - Completed
Leaving parallel region (3634070)...
Process 3634070 done. Shutting down.
Starting new HTTP connection (1): tools-cluster-interface.iedb.org:80
http://tools-cluster-interface.iedb.org:80 "POST /tools_api/mhci/ HTTP/1.1" 308 363
Starting new HTTPS connection (1): tools-cluster-interface.iedb.org:443
Starting new HTTP connection (1): tools-cluster-interface.iedb.org:80
http://tools-cluster-interface.iedb.org:80 "POST /tools_api/mhci/ HTTP/1.1" 308 363
Starting new HTTPS connection (1): tools-cluster-interface.iedb.org:443
https://tools-cluster-interface.iedb.org:443 "POST /tools_api/mhci/ HTTP/1.1" 200 None
IEDB: Retry 1 of 5
IEDB: Retry 2 of 5
Making binding predictions on Allele HLA-C*01:02 and Epitope Length 9 with Method NetMHCpan - File /storage2/shuai_yi/neoantigen/40_TS_SNAD/NPC-LR-Seq/TS-SNAD/pvactools_output/MHC_Class_I/tmp/NPC.netmhcpan.HLA-C*01:02.9.tsv_1-17 - Completed
Leaving parallel region (3634072)...
Process 3634072 done. Shutting down.
https://tools-cluster-interface.iedb.org:443 "POST /tools_api/mhci/ HTTP/1.1" 200 None
IEDB: Retry 1 of 5
IEDB: Retry 2 of 5
Making binding predictions on Allele HLA-A*24:02 and Epitope Length 9 with Method NetMHCpan - File /storage2/shuai_yi/neoantigen/40_TS_SNAD/NPC-LR-Seq/TS-SNAD/pvactools_output/MHC_Class_I/tmp/NPC.netmhcpan.HLA-A*24:02.9.tsv_1-17 - Completed
Leaving parallel region (3634068)...
Process 3634068 done. Shutting down.
Starting new HTTP connection (1): tools-cluster-interface.iedb.org:80
http://tools-cluster-interface.iedb.org:80 "POST /tools_api/mhci/ HTTP/1.1" 308 363
Starting new HTTPS connection (1): tools-cluster-interface.iedb.org:443
https://tools-cluster-interface.iedb.org:443 "POST /tools_api/mhci/ HTTP/1.1" 200 None
IEDB: Retry 1 of 5
IEDB: Retry 2 of 5
Making binding predictions on Allele HLA-A*02:01 and Epitope Length 9 with Method NetMHCpan - File /storage2/shuai_yi/neoantigen/40_TS_SNAD/NPC-LR-Seq/TS-SNAD/pvactools_output/MHC_Class_I/tmp/NPC.netmhcpan.HLA-A*02:01.9.tsv_1-17 - Completed
Leaving parallel region (3633917)...
Waiting for process 3634065...
Waiting for process 3634066...
Waiting for process 3634067...
Waiting for process 3634068...
Waiting for process 3634069...
Waiting for process 3634070...
Waiting for process 3634071...
Waiting for process 3634072...
Waiting for process 3634073...
Waiting for process 3634074...
Waiting for process 3634075...
Waiting for process 3634076...
Waiting for process 3634077...
Waiting for process 3634078...
Waiting for process 3634079...
Waiting for process 3634080...
Waiting for process 3634081...
Waiting for process 3634082...
Waiting for process 3634083...
Waiting for process 3634084...
Waiting for process 3634085...
Waiting for process 3634086...
Waiting for process 3634087...
Waiting for process 3634088...
Waiting for process 3634089...
Waiting for process 3634090...
Waiting for process 3634091...
Waiting for process 3634092...
Waiting for process 3634093...
Waiting for process 3634094...
Waiting for process 3634095...
Waiting for process 3634096...
Waiting for process 3634097...
Waiting for process 3634098...
Waiting for process 3634099...
Waiting for process 3634100...
Waiting for process 3634101...
Waiting for process 3634102...
Waiting for process 3634103...
Waiting for process 3634104...
Waiting for process 3634105...
Waiting for process 3634106...
Waiting for process 3634107...
Waiting for process 3634108...
Waiting for process 3634109...
Waiting for process 3634110...
Waiting for process 3634111...
Waiting for process 3634112...
Waiting for process 3634113...
Waiting for process 3634114...
Waiting for process 3634115...
Waiting for process 3634116...
Waiting for process 3634117...
Waiting for process 3634118...
Waiting for process 3634119...
Waiting for process 3634120...
Waiting for process 3634121...
Waiting for process 3634122...
Waiting for process 3634123...
Waiting for process 3634124...
Waiting for process 3634125...
Waiting for process 3634126...
Waiting for process 3634127...
Waiting for process 3634128...
Waiting for process 3634129...
Waiting for process 3634130...
Waiting for process 3634131...
Waiting for process 3634132...
Waiting for process 3634133...
Waiting for process 3634134...
Waiting for process 3634135...
Waiting for process 3634136...
Waiting for process 3634137...
Waiting for process 3634138...
Waiting for process 3634139...
Waiting for process 3634140...
Waiting for process 3634141...
Waiting for process 3634142...
Waiting for process 3634143...
Waiting for process 3634144...
Waiting for process 3634145...
Waiting for process 3634146...
Waiting for process 3634147...
Waiting for process 3634148...
Waiting for process 3634149...
Waiting for process 3634150...
Waiting for process 3634151...
Waiting for process 3634152...
Waiting for process 3634153...
Waiting for process 3634154...
Waiting for process 3634155...
Waiting for process 3634156...
Waiting for process 3634157...
Waiting for process 3634158...
Waiting for process 3634159...
Waiting for process 3634160...
Waiting for process 3634161...
Waiting for process 3634162...
Waiting for process 3634163...
Waiting for process 3634164...
Waiting for process 3634165...
Waiting for process 3634166...
Waiting for process 3634167...
Waiting for process 3634168...
Waiting for process 3634169...
Waiting for process 3634170...
Waiting for process 3634171...
Waiting for process 3634172...
Waiting for process 3634173...
Waiting for process 3634174...
Waiting for process 3634175...
Waiting for process 3634176...
Waiting for process 3634177...
Waiting for process 3634178...
Waiting for process 3634179...
Waiting for process 3634180...
Waiting for process 3634181...
Waiting for process 3634182...
Waiting for process 3634183...
Waiting for process 3634184...
Waiting for process 3634185...
Waiting for process 3634186...
Waiting for process 3634187...
Waiting for process 3634188...
Waiting for process 3634189...
Waiting for process 3634190...
Waiting for process 3634191...
Parallel region left (3633917).
Parsing prediction file for Allele HLA-A*02:01 and Epitope Length 9 - Entries 1-17
Parsing prediction file for Allele HLA-A*02:01 and Epitope Length 9 - Entries 1-17 - Completed
Parsing prediction file for Allele HLA-A*02:03 and Epitope Length 9 - Entries 1-17
Parsing prediction file for Allele HLA-A*02:03 and Epitope Length 9 - Entries 1-17 - Completed
Parsing prediction file for Allele HLA-A*02:07 and Epitope Length 9 - Entries 1-17
Parsing prediction file for Allele HLA-A*02:07 and Epitope Length 9 - Entries 1-17 - Completed
Parsing prediction file for Allele HLA-A*11:01 and Epitope Length 9 - Entries 1-17
Parsing prediction file for Allele HLA-A*11:01 and Epitope Length 9 - Entries 1-17 - Completed
Parsing prediction file for Allele HLA-A*24:02 and Epitope Length 9 - Entries 1-17
Parsing prediction file for Allele HLA-A*24:02 and Epitope Length 9 - Entries 1-17 - Completed
Parsing prediction file for Allele HLA-A*33:03 and Epitope Length 9 - Entries 1-17
Parsing prediction file for Allele HLA-A*33:03 and Epitope Length 9 - Entries 1-17 - Completed
Parsing prediction file for Allele HLA-B*40:01 and Epitope Length 9 - Entries 1-17
Parsing prediction file for Allele HLA-B*40:01 and Epitope Length 9 - Entries 1-17 - Completed
Parsing prediction file for Allele HLA-B*46:01 and Epitope Length 9 - Entries 1-17
Parsing prediction file for Allele HLA-B*46:01 and Epitope Length 9 - Entries 1-17 - Completed
Parsing prediction file for Allele HLA-C*01:02 and Epitope Length 9 - Entries 1-17
Parsing prediction file for Allele HLA-C*01:02 and Epitope Length 9 - Entries 1-17 - Completed
Parsing prediction file for Allele HLA-C*03:04 and Epitope Length 9 - Entries 1-17
Parsing prediction file for Allele HLA-C*03:04 and Epitope Length 9 - Entries 1-17 - Completed
Combining Parsed Prediction Files
Completed
Creating aggregated report
Completed
Calculating Manufacturability Metrics
Completed
Running Binding Filters
Completed
Running Top Score Filter
Completed

Done: Pipeline finished successfully. File /storage2/shuai_yi/neoantigen/40_TS_SNAD/NPC-LR-Seq/TS-SNAD/pvactools_output/MHC_Class_I/NPC.MHC_I.filtered.tsv contains list of filtered putative neoantigens.

No MHC class II prediction algorithms chosen. Skipping MHC class II predictions.
